{
    "0" = numeric
    @include = reserved
    key1 = bla
    "spe cial" = value
}
