apply Service "___TEST___service" {
    display_name = "Whatever service"
    assign where match("127.*", host.address) || host.vars.env == "test"
    vars.test1 = "string"
    vars.test2 = 17
    vars.test3 = false
    vars.test4 = {
        a = [ "dict", "ionary" ]
        @this = "is"
    }

    import DirectorOverrideTemplate
}

