apply Service "___TEST___service_$not_replaced$" {
    display_name = "Service: " + host.vars.replaced
    assign where match("127.*", host.address)
    vars.custom_var = "$host.vars.replaced$"
    vars.test1 = "string"
    vars.test2 = 17
    vars.test3 = false
    vars.test4 = {
        a = [ "dict", "ionary" ]
        @this = "is"
    }

    import DirectorOverrideTemplate
}

